00:13:23 **** Incremental Build of configuration Debug for project f446re_c04_blink ****
make -j12 all 
arm-none-eabi-gcc "../Core/Src/main.c" -mcpu=cortex-m4 -std=gnu11 -g3 -DDEBUG -DUSE_HAL_DRIVER -DSTM32F446xx -c -I../Core/Inc -I../Drivers/STM32F4xx_HAL_Driver/Inc -I../Drivers/STM32F4xx_HAL_Driver/Inc/Legacy -I../Drivers/CMSIS/Device/ST/STM32F4xx/Include -I../Drivers/CMSIS/Include -O0 -ffunction-sections -fdata-sections -Wall -fstack-usage -fcyclomatic-complexity -MMD -MP -MF"Core/Src/main.d" -MT"Core/Src/main.o" --specs=nano.specs -mfpu=fpv4-sp-d16 -mfloat-abi=hard -mthumb -o "Core/Src/main.o"
../Core/Src/main.c: In function 'main':
../Core/Src/main.c:93:3: warning: implicit declaration of function 'printf' [-Wimplicit-function-declaration]
   93 |   printf("First application starting");
      |   ^~~~~~
../Core/Src/main.c:21:1: note: include '<stdio.h>' or provide a declaration of 'printf'
   20 | #include "main.h"
  +++ |+#include <stdio.h>
   21 | 
../Core/Src/main.c:93:3: warning: incompatible implicit declaration of built-in function 'printf' [-Wbuiltin-declaration-mismatch]
   93 |   printf("First application starting");
      |   ^~~~~~
../Core/Src/main.c:93:3: note: include '<stdio.h>' or provide a declaration of 'printf'
arm-none-eabi-gcc -o "f446re_c04_blink.elf" @"objects.list"   -mcpu=cortex-m4 -T"D:\InstalledSoftware\ST\STM32CubeIDE_1.19.0\Projects\stm32fun\f446re_c04_blink\STM32F446RETX_FLASH.ld" --specs=nosys.specs -Wl,-Map="f446re_c04_blink.map" -Wl,--gc-sections -static --specs=nano.specs -mfpu=fpv4-sp-d16 -mfloat-abi=hard -mthumb -Wl,--start-group -lc -lm -Wl,--end-group
Finished building target: f446re_c04_blink.elf
 
arm-none-eabi-size  f446re_c04_blink.elf 
arm-none-eabi-objdump -h -S f446re_c04_blink.elf  > "f446re_c04_blink.list"
   text	   data	    bss	    dec	    hex	filename
  15464	    104	   1976	  17544	   4488	f446re_c04_blink.elf
Finished building: default.size.stdout
 
Finished building: f446re_c04_blink.list
 
00:13:53 **** Incremental Build of configuration Debug for project f446re_c04_blink ****
make -j12 all 
arm-none-eabi-gcc "../Core/Src/main.c" -mcpu=cortex-m4 -std=gnu11 -g3 -DDEBUG -DUSE_HAL_DRIVER -DSTM32F446xx -c -I../Core/Inc -I../Drivers/STM32F4xx_HAL_Driver/Inc -I../Drivers/STM32F4xx_HAL_Driver/Inc/Legacy -I../Drivers/CMSIS/Device/ST/STM32F4xx/Include -I../Drivers/CMSIS/Include -O0 -ffunction-sections -fdata-sections -Wall -fstack-usage -fcyclomatic-complexity -MMD -MP -MF"Core/Src/main.d" -MT"Core/Src/main.o" --specs=nano.specs -mfpu=fpv4-sp-d16 -mfloat-abi=hard -mthumb -o "Core/Src/main.o"
arm-none-eabi-gcc -o "f446re_c04_blink.elf" @"objects.list"   -mcpu=cortex-m4 -T"D:\InstalledSoftware\ST\STM32CubeIDE_1.19.0\Projects\stm32fun\f446re_c04_blink\STM32F446RETX_FLASH.ld" --specs=nosys.specs -Wl,-Map="f446re_c04_blink.map" -Wl,--gc-sections -static --specs=nano.specs -mfpu=fpv4-sp-d16 -mfloat-abi=hard -mthumb -Wl,--start-group -lc -lm -Wl,--end-group
Finished building target: f446re_c04_blink.elf
 
arm-none-eabi-size  f446re_c04_blink.elf 
arm-none-eabi-objdump -h -S f446re_c04_blink.elf  > "f446re_c04_blink.list"
   text	   data	    bss	    dec	    hex	filename
  11296	     12	   1644	  12952	   3298	f446re_c04_blink.elf
Finished building: default.size.stdout
 
Finished building: f446re_c04_blink.list
 
